// Jest Snapshot v1, https://goo.gl/fbAQLP

exports[`<Button /> Renders without crashing 1`] = `
<button>
  My Button
</button>
`;
