// Jest Snapshot v1, https://goo.gl/fbAQLP

exports[`<Link /> Renders without crashing 1`] = `
<a
  className="link"
  href="#"
>
  My link
</a>
`;
